2026-09-16 07:09:25.487: [INFO] CurrentProfilePath: C:\Users\adrig\Desktop\RI_2627\Practicas\ws\.metadata\.plugins\org.eclipse.swt\EBWebView\Default
2026-09-16 07:09:25.487: [INFO] Profiles total count: 1
2026-09-16 07:09:25.487: [INFO] Profile: name=Perfil 1 path=C:\Users\adrig\Desktop\RI_2627\Practicas\ws\.metadata\.plugins\org.eclipse.swt\EBWebView\Default lastActive=null
2026-09-16 07:09:25.487: [INFO] LastUsedProfileDir: C:\Users\adrig\Desktop\RI_2627\Practicas\ws\.metadata\.plugins\org.eclipse.swt\EBWebView\Default
2026-09-16 07:09:25.487: [INFO] OnDoneLoading sync enabled: 0
2026-09-16 07:09:25.487: [INFO] BookmarkModelLoaded, ids_reassigned: 0
2026-09-16 07:09:25.487: [INFO] BookmarksLoadDropped droppedNodes=0
2026-09-16 07:09:25.487: [INFO] BookmarksSnapshot Startup total=0 bar=0 other=0 mobile=0 showBar=0 showBarNTP=1
2026-09-16 07:09:36.083: [INFO] BookmarksSnapshot Shutdown total=0 bar=0 other=0 mobile=0 showBar=0 showBarNTP=1
2026-09-16 07:09:37.141: [INFO] CurrentProfilePath: C:\Users\adrig\Desktop\RI_2627\Practicas\ws\.metadata\.plugins\org.eclipse.swt\EBWebView\Default
2026-09-16 07:09:37.141: [INFO] Profiles total count: 1
2026-09-16 07:09:37.141: [INFO] Profile: name=Perfil 1 path=C:\Users\adrig\Desktop\RI_2627\Practicas\ws\.metadata\.plugins\org.eclipse.swt\EBWebView\Default lastActive=2026-09-16T07:09:26.354Z
2026-09-16 07:09:37.141: [INFO] LastUsedProfileDir: C:\Users\adrig\Desktop\RI_2627\Practicas\ws\.metadata\.plugins\org.eclipse.swt\EBWebView\Default
2026-09-16 07:09:37.141: [INFO] MostRecentlyActiveProfile: name=Perfil 1 path=C:\Users\adrig\Desktop\RI_2627\Practicas\ws\.metadata\.plugins\org.eclipse.swt\EBWebView\Default lastActive=2026-09-16T07:09:26.354Z
2026-09-16 07:09:37.141: [INFO] OnDoneLoading sync enabled: 0
2026-09-16 07:09:37.141: [INFO] BookmarkModelLoaded, ids_reassigned: 0
2026-09-16 07:09:37.141: [INFO] BookmarksLoadDropped droppedNodes=0
2026-09-16 07:09:37.141: [INFO] BookmarksSnapshot Startup total=0 bar=0 other=0 mobile=0 showBar=0 showBarNTP=1
2026-09-16 10:39:51.123: [INFO] BookmarksSnapshot Shutdown total=0 bar=0 other=0 mobile=0 showBar=0 showBarNTP=1
2026-09-24 11:10:43.764: [INFO] CurrentProfilePath: C:\Users\adrig\Desktop\RI_2627\Practicas\ws\.metadata\.plugins\org.eclipse.swt\EBWebView\Default
2026-09-24 11:10:43.764: [INFO] Profiles total count: 1
2026-09-24 11:10:43.764: [INFO] Profile: name=Perfil 1 path=C:\Users\adrig\Desktop\RI_2627\Practicas\ws\.metadata\.plugins\org.eclipse.swt\EBWebView\Default lastActive=2026-09-16T10:39:50.941Z
2026-09-24 11:10:43.764: [INFO] LastUsedProfileDir: C:\Users\adrig\Desktop\RI_2627\Practicas\ws\.metadata\.plugins\org.eclipse.swt\EBWebView\Default
2026-09-24 11:10:43.764: [INFO] MostRecentlyActiveProfile: name=Perfil 1 path=C:\Users\adrig\Desktop\RI_2627\Practicas\ws\.metadata\.plugins\org.eclipse.swt\EBWebView\Default lastActive=2026-09-16T10:39:50.941Z
2026-09-24 11:10:43.764: [INFO] OnDoneLoading sync enabled: 0
2026-09-24 11:10:43.764: [INFO] BookmarkModelLoaded, ids_reassigned: 0
2026-09-24 11:10:43.764: [INFO] BookmarksLoadDropped droppedNodes=0
2026-09-24 11:10:43.764: [INFO] BookmarksSnapshot Startup total=0 bar=0 other=0 mobile=0 showBar=0 showBarNTP=1
2026-09-30 07:05:56.582: [INFO] CurrentProfilePath: C:\Users\adrig\Desktop\RI_2627\Practicas\ws\.metadata\.plugins\org.eclipse.swt\EBWebView\Default
2026-09-30 07:05:56.582: [INFO] Profiles total count: 1
2026-09-30 07:05:56.582: [INFO] Profile: name=Perfil 1 path=C:\Users\adrig\Desktop\RI_2627\Practicas\ws\.metadata\.plugins\org.eclipse.swt\EBWebView\Default lastActive=2026-09-24T11:10:47.376Z
2026-09-30 07:05:56.582: [INFO] LastUsedProfileDir: C:\Users\adrig\Desktop\RI_2627\Practicas\ws\.metadata\.plugins\org.eclipse.swt\EBWebView\Default
2026-09-30 07:05:56.582: [INFO] MostRecentlyActiveProfile: name=Perfil 1 path=C:\Users\adrig\Desktop\RI_2627\Practicas\ws\.metadata\.plugins\org.eclipse.swt\EBWebView\Default lastActive=2026-09-24T11:10:47.376Z
2026-09-30 07:05:56.582: [INFO] OnDoneLoading sync enabled: 0
2026-09-30 07:05:56.582: [INFO] BookmarkModelLoaded, ids_reassigned: 0
2026-09-30 07:05:56.582: [INFO] BookmarksLoadDropped droppedNodes=0
2026-09-30 07:05:56.582: [INFO] BookmarksSnapshot Startup total=0 bar=0 other=0 mobile=0 showBar=0 showBarNTP=1
2026-09-30 08:49:40.526: [INFO] BookmarksSnapshot Shutdown total=0 bar=0 other=0 mobile=0 showBar=0 showBarNTP=1
2026-09-30 08:51:41.757: [INFO] CurrentProfilePath: C:\Users\adrig\Desktop\RI_2627\Practicas\ws\.metadata\.plugins\org.eclipse.swt\EBWebView\Default
2026-09-30 08:51:41.757: [INFO] Profiles total count: 1
2026-09-30 08:51:41.758: [INFO] Profile: name=Perfil 1 path=C:\Users\adrig\Desktop\RI_2627\Practicas\ws\.metadata\.plugins\org.eclipse.swt\EBWebView\Default lastActive=2026-09-30T08:49:32.426Z
2026-09-30 08:51:41.758: [INFO] LastUsedProfileDir: C:\Users\adrig\Desktop\RI_2627\Practicas\ws\.metadata\.plugins\org.eclipse.swt\EBWebView\Default
2026-09-30 08:51:41.758: [INFO] MostRecentlyActiveProfile: name=Perfil 1 path=C:\Users\adrig\Desktop\RI_2627\Practicas\ws\.metadata\.plugins\org.eclipse.swt\EBWebView\Default lastActive=2026-09-30T08:49:32.426Z
2026-09-30 08:51:41.758: [INFO] OnDoneLoading sync enabled: 0
2026-09-30 08:51:41.758: [INFO] BookmarkModelLoaded, ids_reassigned: 0
2026-09-30 08:51:41.758: [INFO] BookmarksLoadDropped droppedNodes=0
2026-09-30 08:51:41.758: [INFO] BookmarksSnapshot Startup total=0 bar=0 other=0 mobile=0 showBar=0 showBarNTP=1
2026-09-30 08:51:47.265: [INFO] BookmarksSnapshot Shutdown total=0 bar=0 other=0 mobile=0 showBar=0 showBarNTP=1
2026-09-30 08:55:24.062: [INFO] CurrentProfilePath: C:\Users\adrig\Desktop\RI_2627\Practicas\ws\.metadata\.plugins\org.eclipse.swt\EBWebView\Default
2026-09-30 08:55:24.062: [INFO] Profiles total count: 1
2026-09-30 08:55:24.062: [INFO] Profile: name=Perfil 1 path=C:\Users\adrig\Desktop\RI_2627\Practicas\ws\.metadata\.plugins\org.eclipse.swt\EBWebView\Default lastActive=2026-09-30T08:49:32.426Z
2026-09-30 08:55:24.062: [INFO] LastUsedProfileDir: C:\Users\adrig\Desktop\RI_2627\Practicas\ws\.metadata\.plugins\org.eclipse.swt\EBWebView\Default
2026-09-30 08:55:24.062: [INFO] MostRecentlyActiveProfile: name=Perfil 1 path=C:\Users\adrig\Desktop\RI_2627\Practicas\ws\.metadata\.plugins\org.eclipse.swt\EBWebView\Default lastActive=2026-09-30T08:49:32.426Z
2026-09-30 08:55:24.062: [INFO] OnDoneLoading sync enabled: 0
2026-09-30 08:55:24.062: [INFO] BookmarkModelLoaded, ids_reassigned: 0
2026-09-30 08:55:24.062: [INFO] BookmarksLoadDropped droppedNodes=0
2026-09-30 08:55:24.062: [INFO] BookmarksSnapshot Startup total=0 bar=0 other=0 mobile=0 showBar=0 showBarNTP=1
2026-09-30 08:55:40.789: [INFO] BookmarksSnapshot Shutdown total=0 bar=0 other=0 mobile=0 showBar=0 showBarNTP=1
2026-10-01 13:52:54.362: [INFO] CurrentProfilePath: C:\Users\adrig\Desktop\RI_2627\Practicas\ws\.metadata\.plugins\org.eclipse.swt\EBWebView\Default
2026-10-01 13:52:54.362: [INFO] Profiles total count: 1
2026-10-01 13:52:54.362: [INFO] Profile: name=Perfil 1 path=C:\Users\adrig\Desktop\RI_2627\Practicas\ws\.metadata\.plugins\org.eclipse.swt\EBWebView\Default lastActive=2026-09-30T08:49:32.426Z
2026-10-01 13:52:54.362: [INFO] LastUsedProfileDir: C:\Users\adrig\Desktop\RI_2627\Practicas\ws\.metadata\.plugins\org.eclipse.swt\EBWebView\Default
2026-10-01 13:52:54.362: [INFO] MostRecentlyActiveProfile: name=Perfil 1 path=C:\Users\adrig\Desktop\RI_2627\Practicas\ws\.metadata\.plugins\org.eclipse.swt\EBWebView\Default lastActive=2026-09-30T08:49:32.426Z
2026-10-01 13:52:54.362: [INFO] OnDoneLoading sync enabled: 0
2026-10-01 13:52:54.362: [INFO] BookmarkModelLoaded, ids_reassigned: 0
2026-10-01 13:52:54.362: [INFO] BookmarksLoadDropped droppedNodes=0
2026-10-01 13:52:54.362: [INFO] BookmarksSnapshot Startup total=0 bar=0 other=0 mobile=0 showBar=0 showBarNTP=1
2026-10-01 13:53:53.487: [INFO] BookmarksSnapshot Shutdown total=0 bar=0 other=0 mobile=0 showBar=0 showBarNTP=1
2026-10-01 13:59:20.347: [INFO] CurrentProfilePath: C:\Users\adrig\Desktop\RI_2627\Practicas\ws\.metadata\.plugins\org.eclipse.swt\EBWebView\Default
2026-10-01 13:59:20.347: [INFO] Profiles total count: 1
2026-10-01 13:59:20.347: [INFO] Profile: name=Perfil 1 path=C:\Users\adrig\Desktop\RI_2627\Practicas\ws\.metadata\.plugins\org.eclipse.swt\EBWebView\Default lastActive=2026-10-01T13:53:51.436Z
2026-10-01 13:59:20.348: [INFO] LastUsedProfileDir: C:\Users\adrig\Desktop\RI_2627\Practicas\ws\.metadata\.plugins\org.eclipse.swt\EBWebView\Default
2026-10-01 13:59:20.348: [INFO] MostRecentlyActiveProfile: name=Perfil 1 path=C:\Users\adrig\Desktop\RI_2627\Practicas\ws\.metadata\.plugins\org.eclipse.swt\EBWebView\Default lastActive=2026-10-01T13:53:51.436Z
2026-10-01 13:59:20.348: [INFO] OnDoneLoading sync enabled: 0
2026-10-01 13:59:20.348: [INFO] BookmarkModelLoaded, ids_reassigned: 0
2026-10-01 13:59:20.348: [INFO] BookmarksLoadDropped droppedNodes=0
2026-10-01 13:59:20.348: [INFO] BookmarksSnapshot Startup total=0 bar=0 other=0 mobile=0 showBar=0 showBarNTP=1
2026-10-01 14:03:52.663: [INFO] BookmarksSnapshot Shutdown total=0 bar=0 other=0 mobile=0 showBar=0 showBarNTP=1
2026-10-01 14:04:04.817: [INFO] CurrentProfilePath: C:\Users\adrig\Desktop\RI_2627\Practicas\ws\.metadata\.plugins\org.eclipse.swt\EBWebView\Default
2026-10-01 14:04:04.817: [INFO] Profiles total count: 1
2026-10-01 14:04:04.817: [INFO] Profile: name=Perfil 1 path=C:\Users\adrig\Desktop\RI_2627\Practicas\ws\.metadata\.plugins\org.eclipse.swt\EBWebView\Default lastActive=2026-10-01T13:53:51.436Z
2026-10-01 14:04:04.817: [INFO] LastUsedProfileDir: C:\Users\adrig\Desktop\RI_2627\Practicas\ws\.metadata\.plugins\org.eclipse.swt\EBWebView\Default
2026-10-01 14:04:04.817: [INFO] MostRecentlyActiveProfile: name=Perfil 1 path=C:\Users\adrig\Desktop\RI_2627\Practicas\ws\.metadata\.plugins\org.eclipse.swt\EBWebView\Default lastActive=2026-10-01T13:53:51.436Z
2026-10-01 14:04:04.817: [INFO] OnDoneLoading sync enabled: 0
2026-10-01 14:04:04.817: [INFO] BookmarkModelLoaded, ids_reassigned: 0
2026-10-01 14:04:04.817: [INFO] BookmarksLoadDropped droppedNodes=0
2026-10-01 14:04:04.817: [INFO] BookmarksSnapshot Startup total=0 bar=0 other=0 mobile=0 showBar=0 showBarNTP=1
2026-10-01 14:57:29.935: [INFO] BookmarksSnapshot Shutdown total=0 bar=0 other=0 mobile=0 showBar=0 showBarNTP=1
